Archive member included because of file (symbol)

c:/infineon/tools/dave ide/4.5.0.202105191637/eclipse/arm-gcc-49/bin/../lib/gcc/arm-none-eabi/4.9.3/armv7e-m/softfp\libgcc.a(_aeabi_uldivmod.o)
                              ./Dave/Generated/CAPTURE/capture.o (__aeabi_uldivmod)
c:/infineon/tools/dave ide/4.5.0.202105191637/eclipse/arm-gcc-49/bin/../lib/gcc/arm-none-eabi/4.9.3/armv7e-m/softfp\libgcc.a(bpabi.o)
                              c:/infineon/tools/dave ide/4.5.0.202105191637/eclipse/arm-gcc-49/bin/../lib/gcc/arm-none-eabi/4.9.3/armv7e-m/softfp\libgcc.a(_aeabi_uldivmod.o) (__gnu_uldivmod_helper)
c:/infineon/tools/dave ide/4.5.0.202105191637/eclipse/arm-gcc-49/bin/../lib/gcc/arm-none-eabi/4.9.3/armv7e-m/softfp\libgcc.a(_dvmd_tls.o)
                              c:/infineon/tools/dave ide/4.5.0.202105191637/eclipse/arm-gcc-49/bin/../lib/gcc/arm-none-eabi/4.9.3/armv7e-m/softfp\libgcc.a(_aeabi_uldivmod.o) (__aeabi_ldiv0)
c:/infineon/tools/dave ide/4.5.0.202105191637/eclipse/arm-gcc-49/bin/../lib/gcc/arm-none-eabi/4.9.3/armv7e-m/softfp\libgcc.a(_divdi3.o)
                              c:/infineon/tools/dave ide/4.5.0.202105191637/eclipse/arm-gcc-49/bin/../lib/gcc/arm-none-eabi/4.9.3/armv7e-m/softfp\libgcc.a(bpabi.o) (__divdi3)
c:/infineon/tools/dave ide/4.5.0.202105191637/eclipse/arm-gcc-49/bin/../lib/gcc/arm-none-eabi/4.9.3/armv7e-m/softfp\libgcc.a(_udivdi3.o)
                              c:/infineon/tools/dave ide/4.5.0.202105191637/eclipse/arm-gcc-49/bin/../lib/gcc/arm-none-eabi/4.9.3/armv7e-m/softfp\libgcc.a(bpabi.o) (__udivdi3)
c:/infineon/tools/dave ide/4.5.0.202105191637/eclipse/arm-gcc-49/bin/../lib/gcc/arm-none-eabi/4.9.3/../../../../arm-none-eabi/lib/armv7e-m/softfp\libg_nano.a(lib_a-errno.o)
                              ./Libraries/Newlib/syscalls.o (__errno)
c:/infineon/tools/dave ide/4.5.0.202105191637/eclipse/arm-gcc-49/bin/../lib/gcc/arm-none-eabi/4.9.3/../../../../arm-none-eabi/lib/armv7e-m/softfp\libg_nano.a(lib_a-impure.o)
                              c:/infineon/tools/dave ide/4.5.0.202105191637/eclipse/arm-gcc-49/bin/../lib/gcc/arm-none-eabi/4.9.3/../../../../arm-none-eabi/lib/armv7e-m/softfp\libg_nano.a(lib_a-errno.o) (_impure_ptr)
c:/infineon/tools/dave ide/4.5.0.202105191637/eclipse/arm-gcc-49/bin/../lib/gcc/arm-none-eabi/4.9.3/../../../../arm-none-eabi/lib/armv7e-m/softfp\libg_nano.a(lib_a-init.o)
                              ./Startup/startup_XMC4800.o (__libc_init_array)
c:/infineon/tools/dave ide/4.5.0.202105191637/eclipse/arm-gcc-49/bin/../lib/gcc/arm-none-eabi/4.9.3/../../../../arm-none-eabi/lib/armv7e-m/softfp\libg_nano.a(lib_a-memcpy.o)
                              ./Libraries/XMCLib/src/xmc_eth_mac.o (memcpy)
c:/infineon/tools/dave ide/4.5.0.202105191637/eclipse/arm-gcc-49/bin/../lib/gcc/arm-none-eabi/4.9.3/../../../../arm-none-eabi/lib/armv7e-m/softfp\libg_nano.a(lib_a-memset.o)
                              ./Libraries/XMCLib/src/xmc_usbd.o (memset)

Allocating common symbols
Common symbol       size              file

cap_status          0x1               ./main.o
xmc_device          0x208             ./Libraries/XMCLib/src/xmc_usbd.o

Discarded input sections

 .text          0x00000000        0x0 ./Startup/startup_XMC4800.o
 .data          0x00000000        0x0 ./Startup/startup_XMC4800.o
 .bss           0x00000000        0x0 ./Startup/startup_XMC4800.o
 .text          0x00000000        0x0 ./Startup/system_XMC4800.o
 .data          0x00000000        0x0 ./Startup/system_XMC4800.o
 .bss           0x00000000        0x0 ./Startup/system_XMC4800.o
 .text.delay    0x00000000       0x28 ./Startup/system_XMC4800.o
 .text.SystemCoreClockSetup
                0x00000000      0x380 ./Startup/system_XMC4800.o
 .text.OSCHP_GetFrequency
                0x00000000       0x14 ./Startup/system_XMC4800.o
 .comment       0x00000000       0x71 ./Startup/system_XMC4800.o
 .text          0x00000000        0x0 ./Libraries/XMCLib/src/xmc4_eru.o
 .data          0x00000000        0x0 ./Libraries/XMCLib/src/xmc4_eru.o
 .bss           0x00000000        0x0 ./Libraries/XMCLib/src/xmc4_eru.o
 .text.XMC_ERU_Enable
                0x00000000       0x2c ./Libraries/XMCLib/src/xmc4_eru.o
 .text.XMC_ERU_Disable
                0x00000000       0x2c ./Libraries/XMCLib/src/xmc4_eru.o
 .debug_info    0x00000000      0x66c ./Libraries/XMCLib/src/xmc4_eru.o
 .debug_abbrev  0x00000000      0x180 ./Libraries/XMCLib/src/xmc4_eru.o
 .debug_loc     0x00000000       0xa0 ./Libraries/XMCLib/src/xmc4_eru.o
 .debug_aranges
                0x00000000       0x28 ./Libraries/XMCLib/src/xmc4_eru.o
 .debug_ranges  0x00000000       0x18 ./Libraries/XMCLib/src/xmc4_eru.o
 .debug_line    0x00000000      0x2c4 ./Libraries/XMCLib/src/xmc4_eru.o
 .debug_str     0x00000000      0x9ff ./Libraries/XMCLib/src/xmc4_eru.o
 .comment       0x00000000       0x71 ./Libraries/XMCLib/src/xmc4_eru.o
 .debug_frame   0x00000000       0x60 ./Libraries/XMCLib/src/xmc4_eru.o
 .ARM.attributes
[...]
Memory Configuration

Name             Origin             Length             Attributes
FLASH_1_cached   0x08000000         0x00200000         xr
FLASH_1_uncached 0x0c000000         0x00200000         xr
PSRAM_1          0x1ffe8000         0x00018000         !xr
DSRAM_1_system   0x20000000         0x00020000         !xr
DSRAM_2_comm     0x20020000         0x00020000         !xr
SRAM_combined    0x1ffe8000         0x00058000         !xr
*default*        0x00000000         0xffffffff

Linker script and memory map

LOAD ./Startup/startup_XMC4800.o
LOAD ./Startup/system_XMC4800.o
LOAD ./Libraries/XMCLib/src/xmc4_eru.o
LOAD ./Libraries/XMCLib/src/xmc4_flash.o
LOAD ./Libraries/XMCLib/src/xmc4_gpio.o
LOAD ./Libraries/XMCLib/src/xmc4_rtc.o
LOAD ./Libraries/XMCLib/src/xmc4_scu.o
LOAD ./Libraries/XMCLib/src/xmc_can.o
LOAD ./Libraries/XMCLib/src/xmc_ccu4.o
LOAD ./Libraries/XMCLib/src/xmc_ccu8.o
LOAD ./Libraries/XMCLib/src/xmc_common.o
LOAD ./Libraries/XMCLib/src/xmc_dac.o
LOAD ./Libraries/XMCLib/src/xmc_dma.o
LOAD ./Libraries/XMCLib/src/xmc_dsd.o
LOAD ./Libraries/XMCLib/src/xmc_ebu.o
LOAD ./Libraries/XMCLib/src/xmc_ecat.o
LOAD ./Libraries/XMCLib/src/xmc_eru.o
LOAD ./Libraries/XMCLib/src/xmc_eth_mac.o
LOAD ./Libraries/XMCLib/src/xmc_eth_phy_dp83848.o
LOAD ./Libraries/XMCLib/src/xmc_eth_phy_ksz8031rnl.o
LOAD ./Libraries/XMCLib/src/xmc_eth_phy_ksz8081rnb.o
LOAD ./Libraries/XMCLib/src/xmc_fce.o
LOAD ./Libraries/XMCLib/src/xmc_gpio.o
LOAD ./Libraries/XMCLib/src/xmc_hrpwm.o
LOAD ./Libraries/XMCLib/src/xmc_i2c.o
LOAD ./Libraries/XMCLib/src/xmc_i2s.o
LOAD ./Libraries/XMCLib/src/xmc_ledts.o
LOAD ./Libraries/XMCLib/src/xmc_posif.o
LOAD ./Libraries/XMCLib/src/xmc_rtc.o
LOAD ./Libraries/XMCLib/src/xmc_sdmmc.o
LOAD ./Libraries/XMCLib/src/xmc_spi.o
LOAD ./Libraries/XMCLib/src/xmc_uart.o
LOAD ./Libraries/XMCLib/src/xmc_usbd.o
LOAD ./Libraries/XMCLib/src/xmc_usbh.o
LOAD ./Libraries/XMCLib/src/xmc_usic.o
LOAD ./Libraries/XMCLib/src/xmc_vadc.o
LOAD ./Libraries/XMCLib/src/xmc_wdt.o
LOAD ./Libraries/Newlib/syscalls.o
LOAD ./Dave/Generated/GLOBAL_CCU4/global_ccu4.o
LOAD ./Dave/Generated/GLOBAL_CCU4/global_ccu4_conf.o
LOAD ./Dave/Generated/GLOBAL_CAN/global_can.o
LOAD ./Dave/Generated/GLOBAL_CAN/global_can_conf.o
LOAD ./Dave/Generated/GLOBAL_ADC/global_adc.o
LOAD ./Dave/Generated/GLOBAL_ADC/global_adc_conf.o
LOAD ./Dave/Generated/DIGITAL_IO/digital_io.o
LOAD ./Dave/Generated/DIGITAL_IO/digital_io_conf.o
LOAD ./Dave/Generated/CLOCK_XMC4/clock_xmc4.o
LOAD ./Dave/Generated/CLOCK_XMC4/clock_xmc4_conf.o
LOAD ./Dave/Generated/CAPTURE/capture.o
LOAD ./Dave/Generated/CAPTURE/capture_conf.o
LOAD ./Dave/Generated/CAN_NODE/can_node.o
LOAD ./Dave/Generated/CAN_NODE/can_node_conf.o
LOAD ./Dave/Generated/ADC_MEASUREMENT/adc_measurement.o
LOAD ./Dave/Generated/ADC_MEASUREMENT/adc_measurement_conf.o
LOAD ./Dave/Generated/DAVE.o
LOAD ./main.o
LOAD c:/infineon/tools/dave ide/4.5.0.202105191637/eclipse/arm-gcc-49/bin/../lib/gcc/arm-none-eabi/4.9.3/../../../../arm-none-eabi/lib/armv7e-m/softfp\libm.a
START GROUP
LOAD c:/infineon/tools/dave ide/4.5.0.202105191637/eclipse/arm-gcc-49/bin/../lib/gcc/arm-none-eabi/4.9.3/armv7e-m/softfp\libgcc.a
LOAD c:/infineon/tools/dave ide/4.5.0.202105191637/eclipse/arm-gcc-49/bin/../lib/gcc/arm-none-eabi/4.9.3/../../../../arm-none-eabi/lib/armv7e-m/softfp\libg_nano.a
LOAD c:/infineon/tools/dave ide/4.5.0.202105191637/eclipse/arm-gcc-49/bin/../lib/gcc/arm-none-eabi/4.9.3/../../../../arm-none-eabi/lib/armv7e-m/softfp\libc_nano.a
END GROUP
START GROUP
LOAD c:/infineon/tools/dave ide/4.5.0.202105191637/eclipse/arm-gcc-49/bin/../lib/gcc/arm-none-eabi/4.9.3/armv7e-m/softfp\libgcc.a
LOAD c:/infineon/tools/dave ide/4.5.0.202105191637/eclipse/arm-gcc-49/bin/../lib/gcc/arm-none-eabi/4.9.3/../../../../arm-none-eabi/lib/armv7e-m/softfp\libc_nano.a
LOAD c:/infineon/tools/dave ide/4.5.0.202105191637/eclipse/arm-gcc-49/bin/../lib/gcc/arm-none-eabi/4.9.3/../../../../arm-none-eabi/lib/armv7e-m/softfp\libnosys.a
END GROUP
START GROUP
LOAD c:/infineon/tools/dave ide/4.5.0.202105191637/eclipse/arm-gcc-49/bin/../lib/gcc/arm-none-eabi/4.9.3/armv7e-m/softfp\libgcc.a
LOAD c:/infineon/tools/dave ide/4.5.0.202105191637/eclipse/arm-gcc-49/bin/../lib/gcc/arm-none-eabi/4.9.3/../../../../arm-none-eabi/lib/armv7e-m/softfp\libc_nano.a
LOAD c:/infineon/tools/dave ide/4.5.0.202105191637/eclipse/arm-gcc-49/bin/../lib/gcc/arm-none-eabi/4.9.3/../../../../arm-none-eabi/lib/armv7e-m/softfp\libnosys.a
END GROUP
                0x00000800                stack_size = DEFINED (stack_size)?stack_size:0x800
                0x00000040                no_init_size = 0x40

.text           0x08000000     0x2fbc load address 0x0c000000
                0x08000000                sText = .
 *(.reset)
 .reset         0x08000000      0x29c ./Startup/startup_XMC4800.o
                0x08000000                __Vectors
                0x08000200                Reset_Handler
                0x08000298                DSD0_7_IRQHandler
                0x08000298                DebugMon_Handler
                0x08000298                VADC0_C0_0_IRQHandler
                0x08000298                CAN0_4_IRQHandler
                0x08000298                VADC0_G2_0_IRQHandler
                0x08000298                USIC0_5_IRQHandler
                0x08000298                POSIF0_0_IRQHandler
                0x08000298                POSIF1_0_IRQHandler
                0x08000298                HardFault_Handler
                0x08000298                VADC0_G1_1_IRQHandler
                0x08000298                SysTick_Handler
                0x08000298                PendSV_Handler
                0x08000298                NMI_Handler
                0x08000298                USIC1_3_IRQHandler
                0x08000298                CCU40_2_IRQHandler
                0x08000298                SCU_0_IRQHandler
                0x08000298                ERU0_0_IRQHandler
                0x08000298                CCU41_0_IRQHandler
                0x08000298                USIC1_5_IRQHandler
                0x08000298                DSD0_4_IRQHandler
                0x08000298                CCU80_1_IRQHandler
                0x08000298                CCU81_0_IRQHandler
                0x08000298                UsageFault_Handler
                0x08000298                USIC0_0_IRQHandler
                0x08000298                POSIF1_1_IRQHandler
                0x08000298                ERU0_2_IRQHandler
                0x08000298                CCU81_1_IRQHandler
                0x08000298                ERU1_1_IRQHandler
                0x08000298                VADC0_G2_3_IRQHandler
                0x08000298                VADC0_G2_2_IRQHandler
                0x08000298                CCU42_3_IRQHandler
                0x08000298                ERU0_3_IRQHandler
                0x08000298                DSD0_5_IRQHandler
                0x08000298                VADC0_C0_3_IRQHandler
                0x08000298                CAN0_6_IRQHandler
                0x08000298                CCU43_0_IRQHandler
                0x08000298                VADC0_G0_1_IRQHandler
                0x08000298                CCU81_2_IRQHandler
                0x08000298                USIC2_4_IRQHandler
                0x08000298                CCU81_3_IRQHandler
                0x08000298                CCU42_1_IRQHandler
                0x08000298                USIC1_1_IRQHandler
                0x08000298                USIC2_5_IRQHandler
                0x08000298                CCU40_0_IRQHandler
                0x08000298                CAN0_0_IRQHandler
                0x08000298                ERU1_0_IRQHandler
                0x08000298                CCU42_2_IRQHandler
                0x08000298                Default_Handler
                0x08000298                USIC1_4_IRQHandler
                0x08000298                ERU1_3_IRQHandler
                0x08000298                USIC1_0_IRQHandler
                0x08000298                POSIF0_1_IRQHandler
                0x08000298                VADC0_G0_0_IRQHandler
                0x08000298                DSD0_2_IRQHandler
                0x08000298                CCU80_3_IRQHandler
                0x08000298                CCU41_3_IRQHandler
                0x08000298                CCU80_2_IRQHandler
                0x08000298                VADC0_G1_3_IRQHandler
                0x08000298                VADC0_G0_3_IRQHandler
                0x08000298                GPDMA0_0_IRQHandler
                0x08000298                PMU0_0_IRQHandler
                0x08000298                CAN0_7_IRQHandler
                0x08000298                DSD0_1_IRQHandler
                0x08000298                CCU41_2_IRQHandler
                0x08000298                VADC0_C0_1_IRQHandler
                0x08000298                CCU43_2_IRQHandler
                0x08000298                USIC2_2_IRQHandler
                0x08000298                MemManage_Handler
                0x08000298                VADC0_G3_1_IRQHandler
                0x08000298                DAC0_0_IRQHandler
                0x08000298                SVC_Handler
                0x08000298                VADC0_G3_3_IRQHandler
                0x08000298                ERU1_2_IRQHandler
                0x08000298                CCU41_1_IRQHandler
                0x08000298                DSD0_6_IRQHandler
                0x08000298                CCU43_1_IRQHandler
                0x08000298                VADC0_G1_2_IRQHandler
                0x08000298                USIC2_3_IRQHandler
                0x08000298                CAN0_2_IRQHandler
                0x08000298                USIC2_0_IRQHandler
                0x08000298                VADC0_G0_2_IRQHandler
                0x08000298                ECAT0_0_IRQHandler
                0x08000298                VADC0_G2_1_IRQHandler
                0x08000298                CAN0_3_IRQHandler
                0x08000298                ETH0_0_IRQHandler
                0x08000298                USIC0_3_IRQHandler
                0x08000298                DSD0_0_IRQHandler
                0x08000298                VADC0_C0_2_IRQHandler
                0x08000298                CCU42_0_IRQHandler
                0x08000298                FCE0_0_IRQHandler
                0x08000298                VADC0_G1_0_IRQHandler
                0x08000298                USB0_0_IRQHandler
                0x08000298                CAN0_5_IRQHandler
                0x08000298                CCU80_0_IRQHandler
                0x08000298                CCU40_1_IRQHandler
                0x08000298                USIC2_1_IRQHandler
                0x08000298                USIC0_1_IRQHandler
                0x08000298                VADC0_G3_2_IRQHandler
                0x08000298                CCU40_3_IRQHandler
                0x08000298                BusFault_Handler
                0x08000298                LEDTS0_0_IRQHandler
                0x08000298                USIC0_4_IRQHandler
                0x08000298                CCU43_3_IRQHandler
                0x08000298                ERU0_1_IRQHandler
                0x08000298                VADC0_G3_0_IRQHandler
                0x08000298                USIC1_2_IRQHandler
                0x08000298                DSD0_3_IRQHandler
                0x08000298                SDMMC0_0_IRQHandler
                0x08000298                CAN0_1_IRQHandler
                0x08000298                USIC0_2_IRQHandler
                0x08000298                DAC0_1_IRQHandler
                0x08000298                GPDMA1_0_IRQHandler
 *(.text .text.* .gnu.linkonce.t.*)
 .text.SystemInit
                0x0800029c       0x20 ./Startup/system_XMC4800.o
                0x0800029c                SystemInit
 .text.SystemCoreSetup
                0x080002bc       0x70 ./Startup/system_XMC4800.o
                0x080002bc                SystemCoreSetup
 .text.SystemCoreClockUpdate
                0x0800032c       0xd4 ./Startup/system_XMC4800.o
                0x0800032c                SystemCoreClockUpdate
 .text.XMC_GPIO_Init
                0x08000400      0x14c ./Libraries/XMCLib/src/xmc4_gpio.o
                0x08000400                XMC_GPIO_Init
 .text.XMC_SCU_CLOCK_GetCpuClockFrequency
                0x0800054c       0x18 ./Libraries/XMCLib/src/xmc4_scu.o
 .text.XMC_SCU_GetMirrorStatus
                0x08000564       0x18 ./Libraries/XMCLib/src/xmc4_scu.o
 .text.XMC_SCU_lDelay
                0x0800057c       0x44 ./Libraries/XMCLib/src/xmc4_scu.o
 .text.XMC_SCU_INTERUPT_GetEventStatus
                0x080005c0       0x18 ./Libraries/XMCLib/src/xmc4_scu.o
                0x080005c0                XMC_SCU_INTERUPT_GetEventStatus
 .text.XMC_SCU_INTERRUPT_ClearEventStatus
                0x080005d8       0x1c ./Libraries/XMCLib/src/xmc4_scu.o
                0x080005d8                XMC_SCU_INTERRUPT_ClearEventStatus
 .text.XMC_SCU_CLOCK_Init
                0x080005f4       0xf8 ./Libraries/XMCLib/src/xmc4_scu.o
                0x080005f4                XMC_SCU_CLOCK_Init
 .text.XMC_SCU_RESET_DeassertPeripheralReset
                0x080006ec       0x38 ./Libraries/XMCLib/src/xmc4_scu.o
                0x080006ec                XMC_SCU_RESET_DeassertPeripheralReset
 .text.XMC_SCU_CLOCK_GetPeripheralClockFrequency
                0x08000724       0x20 ./Libraries/XMCLib/src/xmc4_scu.o
                0x08000724                XMC_SCU_CLOCK_GetPeripheralClockFrequency
 .text.XMC_SCU_CLOCK_SetSystemClockSource
                0x08000744       0x28 ./Libraries/XMCLib/src/xmc4_scu.o
                0x08000744                XMC_SCU_CLOCK_SetSystemClockSource
 .text.XMC_SCU_CLOCK_SetUsbClockSource
                0x0800076c       0x28 ./Libraries/XMCLib/src/xmc4_scu.o
                0x0800076c                XMC_SCU_CLOCK_SetUsbClockSource
 .text.XMC_SCU_CLOCK_SetWdtClockSource
                0x08000794       0x28 ./Libraries/XMCLib/src/xmc4_scu.o
                0x08000794                XMC_SCU_CLOCK_SetWdtClockSource
 .text.XMC_SCU_CLOCK_SetSystemPllClockSource
                0x080007bc       0x40 ./Libraries/XMCLib/src/xmc4_scu.o
                0x080007bc                XMC_SCU_CLOCK_SetSystemPllClockSource
 .text.XMC_SCU_HIB_SetRtcClockSource
                0x080007fc       0x3c ./Libraries/XMCLib/src/xmc4_scu.o
                0x080007fc                XMC_SCU_HIB_SetRtcClockSource
 .text.XMC_SCU_HIB_SetStandbyClockSource
                0x08000838       0x3c ./Libraries/XMCLib/src/xmc4_scu.o
                0x08000838                XMC_SCU_HIB_SetStandbyClockSource
 .text.XMC_SCU_CLOCK_SetSystemClockDivider
                0x08000874       0x28 ./Libraries/XMCLib/src/xmc4_scu.o
                0x08000874                XMC_SCU_CLOCK_SetSystemClockDivider
 .text.XMC_SCU_CLOCK_SetCcuClockDivider
                0x0800089c       0x28 ./Libraries/XMCLib/src/xmc4_scu.o
                0x0800089c                XMC_SCU_CLOCK_SetCcuClockDivider
 .text.XMC_SCU_CLOCK_SetCpuClockDivider
                0x080008c4       0x28 ./Libraries/XMCLib/src/xmc4_scu.o
                0x080008c4                XMC_SCU_CLOCK_SetCpuClockDivider
 .text.XMC_SCU_CLOCK_SetPeripheralClockDivider
                0x080008ec       0x28 ./Libraries/XMCLib/src/xmc4_scu.o
                0x080008ec                XMC_SCU_CLOCK_SetPeripheralClockDivider
 .text.XMC_SCU_CLOCK_SetUsbClockDivider
                0x08000914       0x28 ./Libraries/XMCLib/src/xmc4_scu.o
                0x08000914                XMC_SCU_CLOCK_SetUsbClockDivider
 .text.XMC_SCU_CLOCK_SetEbuClockDivider
                0x0800093c       0x28 ./Libraries/XMCLib/src/xmc4_scu.o
                0x0800093c                XMC_SCU_CLOCK_SetEbuClockDivider
 .text.XMC_SCU_CLOCK_SetWdtClockDivider
                0x08000964       0x28 ./Libraries/XMCLib/src/xmc4_scu.o
                0x08000964                XMC_SCU_CLOCK_SetWdtClockDivider
 .text.XMC_SCU_CLOCK_SetECATClockDivider
                0x0800098c       0x28 ./Libraries/XMCLib/src/xmc4_scu.o
                0x0800098c                XMC_SCU_CLOCK_SetECATClockDivider
 .text.XMC_SCU_CLOCK_EnableClock
                0x080009b4       0x20 ./Libraries/XMCLib/src/xmc4_scu.o
                0x080009b4                XMC_SCU_CLOCK_EnableClock
 .text.XMC_SCU_CLOCK_UngatePeripheralClock
                0x080009d4       0x38 ./Libraries/XMCLib/src/xmc4_scu.o
                0x080009d4                XMC_SCU_CLOCK_UngatePeripheralClock
 .text.XMC_SCU_CLOCK_EnableUsbPll
                0x08000a0c       0x20 ./Libraries/XMCLib/src/xmc4_scu.o
                0x08000a0c                XMC_SCU_CLOCK_EnableUsbPll
 .text.XMC_SCU_CLOCK_StartUsbPll
                0x08000a2c       0xb4 ./Libraries/XMCLib/src/xmc4_scu.o
                0x08000a2c                XMC_SCU_CLOCK_StartUsbPll
 .text.XMC_SCU_CLOCK_SetBackupClockCalibrationMode
                0x08000ae0       0x4c ./Libraries/XMCLib/src/xmc4_scu.o
                0x08000ae0                XMC_SCU_CLOCK_SetBackupClockCalibrationMode
 .text.XMC_SCU_HIB_EnableHibernateDomain
                0x08000b2c       0x58 ./Libraries/XMCLib/src/xmc4_scu.o
                0x08000b2c                XMC_SCU_HIB_EnableHibernateDomain
 .text.XMC_SCU_CLOCK_IsLowPowerOscillatorStable
                0x08000b84       0x24 ./Libraries/XMCLib/src/xmc4_scu.o
                0x08000b84                XMC_SCU_CLOCK_IsLowPowerOscillatorStable
 .text.XMC_SCU_CLOCK_EnableLowPowerOscillator
                0x08000ba8       0x70 ./Libraries/XMCLib/src/xmc4_scu.o
                0x08000ba8                XMC_SCU_CLOCK_EnableLowPowerOscillator
 .text.XMC_SCU_CLOCK_EnableHighPerformanceOscillator
                0x08000c18       0x50 ./Libraries/XMCLib/src/xmc4_scu.o
                0x08000c18                XMC_SCU_CLOCK_EnableHighPerformanceOscillator
 .text.XMC_SCU_CLOCK_IsHighPerformanceOscillatorStable
                0x08000c68       0x28 ./Libraries/XMCLib/src/xmc4_scu.o
                0x08000c68                XMC_SCU_CLOCK_IsHighPerformanceOscillatorStable
 .text.XMC_SCU_CLOCK_EnableSystemPll
                0x08000c90       0x20 ./Libraries/XMCLib/src/xmc4_scu.o
                0x08000c90                XMC_SCU_CLOCK_EnableSystemPll
 .text.XMC_SCU_CLOCK_DisableSystemPll
                0x08000cb0       0x20 ./Libraries/XMCLib/src/xmc4_scu.o
                0x08000cb0                XMC_SCU_CLOCK_DisableSystemPll
 .text.XMC_SCU_CLOCK_StartSystemPll
                0x08000cd0      0x19c ./Libraries/XMCLib/src/xmc4_scu.o
                0x08000cd0                XMC_SCU_CLOCK_StartSystemPll
 .text.XMC_SCU_CLOCK_StepSystemPllFrequency
                0x08000e6c       0x3c ./Libraries/XMCLib/src/xmc4_scu.o
                0x08000e6c                XMC_SCU_CLOCK_StepSystemPllFrequency
 .text.XMC_CAN_IsPanelControlReady
                0x08000ea8       0x28 ./Libraries/XMCLib/src/xmc_can.o
 .text.XMC_CAN_PanelControl
                0x08000ed0       0x3c ./Libraries/XMCLib/src/xmc_can.o
 .text.XMC_CAN_NODE_EnableConfigurationChange
                0x08000f0c       0x20 ./Libraries/XMCLib/src/xmc_can.o
 .text.XMC_CAN_NODE_DisableConfigurationChange
                0x08000f2c       0x20 ./Libraries/XMCLib/src/xmc_can.o
 .text.max      0x08000f4c       0x20 ./Libraries/XMCLib/src/xmc_can.o
 .text.min      0x08000f6c       0x20 ./Libraries/XMCLib/src/xmc_can.o
 .text.XMC_CAN_NODE_NominalBitTimeConfigureEx
                0x08000f8c      0x150 ./Libraries/XMCLib/src/xmc_can.o
                0x08000f8c                XMC_CAN_NODE_NominalBitTimeConfigureEx
 .text.XMC_CAN_AllocateMOtoNodeList
                0x080010dc       0x3c ./Libraries/XMCLib/src/xmc_can.o
                0x080010dc                XMC_CAN_AllocateMOtoNodeList
 .text.XMC_CAN_Enable
                0x08001118       0x38 ./Libraries/XMCLib/src/xmc_can.o
                0x08001118                XMC_CAN_Enable
 .text.XMC_CAN_SetBaudrateClockSource
                0x08001150       0x2c ./Libraries/XMCLib/src/xmc_can.o
                0x08001150                XMC_CAN_SetBaudrateClockSource
 .text.XMC_CAN_GetBaudrateClockSource
                0x0800117c       0x24 ./Libraries/XMCLib/src/xmc_can.o
                0x0800117c                XMC_CAN_GetBaudrateClockSource
 .text.XMC_CAN_GetBaudrateClockFrequency
                0x080011a0       0x38 ./Libraries/XMCLib/src/xmc_can.o
                0x080011a0                XMC_CAN_GetBaudrateClockFrequency
 .text.XMC_CAN_InitEx
                0x080011d8       0x80 ./Libraries/XMCLib/src/xmc_can.o
                0x080011d8                XMC_CAN_InitEx
 .text.XMC_CAN_MO_Config
                0x08001258      0x138 ./Libraries/XMCLib/src/xmc_can.o
                0x08001258                XMC_CAN_MO_Config
 .text.XMC_CAN_MO_UpdateData
                0x08001390       0x70 ./Libraries/XMCLib/src/xmc_can.o
                0x08001390                XMC_CAN_MO_UpdateData
 .text.XMC_CAN_MO_Transmit
                0x08001400       0x5c ./Libraries/XMCLib/src/xmc_can.o
                0x08001400                XMC_CAN_MO_Transmit
 .text.XMC_CAN_NODE_EnableEvent
                0x0800145c       0x38 ./Libraries/XMCLib/src/xmc_can.o
                0x0800145c                XMC_CAN_NODE_EnableEvent
 .text.XMC_CCU4_StartPrescaler
                0x08001494       0x1c ./Libraries/XMCLib/src/xmc_ccu4.o
 .text.XMC_CCU4_lDeassertReset
                0x080014b0       0x60 ./Libraries/XMCLib/src/xmc_ccu4.o
 .text.XMC_CCU4_lUngateClock
                0x08001510       0x60 ./Libraries/XMCLib/src/xmc_ccu4.o
 .text.XMC_CCU4_EnableModule
                0x08001570       0x20 ./Libraries/XMCLib/src/xmc_ccu4.o
                0x08001570                XMC_CCU4_EnableModule
 .text.XMC_CCU4_Init
                0x08001590       0x3c ./Libraries/XMCLib/src/xmc_ccu4.o
                0x08001590                XMC_CCU4_Init
 .text.XMC_CCU4_SLICE_CaptureInit
                0x080015cc       0x4c ./Libraries/XMCLib/src/xmc_ccu4.o
                0x080015cc                XMC_CCU4_SLICE_CaptureInit
 .text.XMC_CCU4_SLICE_Capture0Config
                0x08001618       0x34 ./Libraries/XMCLib/src/xmc_ccu4.o
                0x08001618                XMC_CCU4_SLICE_Capture0Config
 .text.XMC_CCU4_SLICE_Capture1Config
                0x0800164c       0x34 ./Libraries/XMCLib/src/xmc_ccu4.o
                0x0800164c                XMC_CCU4_SLICE_Capture1Config
 .text.XMC_CCU4_SLICE_ConfigureEvent
                0x08001680       0xd4 ./Libraries/XMCLib/src/xmc_ccu4.o
                0x08001680                XMC_CCU4_SLICE_ConfigureEvent
 .text.XMC_GPIO_SetHardwareControl
                0x08001754       0x44 ./Libraries/XMCLib/src/xmc_gpio.o
                0x08001754                XMC_GPIO_SetHardwareControl
 .text.XMC_VADC_GROUP_ExternalMuxControlInit
                0x08001798       0x7c ./Libraries/XMCLib/src/xmc_vadc.o
 .text.XMC_VADC_GROUP_BackgroundEnableArbitrationSlot
                0x08001814       0x24 ./Libraries/XMCLib/src/xmc_vadc.o
 .text.XMC_VADC_GROUP_BackgroundDisableArbitrationSlot
                0x08001838       0x24 ./Libraries/XMCLib/src/xmc_vadc.o
 .text.XMC_VADC_GLOBAL_EnableModule
                0x0800185c       0x14 ./Libraries/XMCLib/src/xmc_vadc.o
                0x0800185c                XMC_VADC_GLOBAL_EnableModule
 .text.XMC_VADC_GLOBAL_Init
                0x08001870       0x54 ./Libraries/XMCLib/src/xmc_vadc.o
                0x08001870                XMC_VADC_GLOBAL_Init
 .text.XMC_VADC_GLOBAL_InputClassInit
                0x080018c4       0x48 ./Libraries/XMCLib/src/xmc_vadc.o
                0x080018c4                XMC_VADC_GLOBAL_InputClassInit
 .text.XMC_VADC_GLOBAL_StartupCalibration
                0x0800190c       0x64 ./Libraries/XMCLib/src/xmc_vadc.o
                0x0800190c                XMC_VADC_GLOBAL_StartupCalibration
 .text.XMC_VADC_GLOBAL_BackgroundSetReqSrcEventInterruptNode
                0x08001970       0x48 ./Libraries/XMCLib/src/xmc_vadc.o
                0x08001970                XMC_VADC_GLOBAL_BackgroundSetReqSrcEventInterruptNode
 .text.XMC_VADC_GROUP_Init
                0x080019b8       0x68 ./Libraries/XMCLib/src/xmc_vadc.o
                0x080019b8                XMC_VADC_GROUP_Init
 .text.XMC_VADC_GROUP_InputClassInit
                0x08001a20       0xb8 ./Libraries/XMCLib/src/xmc_vadc.o
                0x08001a20                XMC_VADC_GROUP_InputClassInit
 .text.XMC_VADC_GROUP_SetPowerMode
                0x08001ad8       0x38 ./Libraries/XMCLib/src/xmc_vadc.o
                0x08001ad8                XMC_VADC_GROUP_SetPowerMode
 .text.XMC_VADC_GLOBAL_BackgroundInit
                0x08001b10       0xfc ./Libraries/XMCLib/src/xmc_vadc.o
                0x08001b10                XMC_VADC_GLOBAL_BackgroundInit
 .text.XMC_VADC_GROUP_ChannelInit
                0x08001c0c       0xdc ./Libraries/XMCLib/src/xmc_vadc.o
                0x08001c0c                XMC_VADC_GROUP_ChannelInit
 .text._init    0x08001ce8        0xc ./Libraries/Newlib/syscalls.o
                0x08001ce8                _init
 .text.XMC_CCU4_StartPrescaler
                0x08001cf4       0x1c ./Dave/Generated/GLOBAL_CCU4/global_ccu4.o
 .text.GLOBAL_CCU4_Init
                0x08001d10       0x40 ./Dave/Generated/GLOBAL_CCU4/global_ccu4.o
                0x08001d10                GLOBAL_CCU4_Init
 .text.GLOBAL_CAN_Init
                0x08001d50       0x44 ./Dave/Generated/GLOBAL_CAN/global_can.o
                0x08001d50                GLOBAL_CAN_Init
 .text.XMC_VADC_GLOBAL_DisablePostCalibration
                0x08001d94       0x2c ./Dave/Generated/GLOBAL_ADC/global_adc.o
 .text.GLOBAL_ADC_Init
                0x08001dc0       0xb0 ./Dave/Generated/GLOBAL_ADC/global_adc.o
                0x08001dc0                GLOBAL_ADC_Init
 .text.DIGITAL_IO_Init
                0x08001e70       0x40 ./Dave/Generated/DIGITAL_IO/digital_io.o
                0x08001e70                DIGITAL_IO_Init
 .text.CLOCK_XMC4_Init
                0x08001eb0       0x20 ./Dave/Generated/CLOCK_XMC4/clock_xmc4.o
                0x08001eb0                CLOCK_XMC4_Init
 .text.OSCHP_GetFrequency
                0x08001ed0       0x14 ./Dave/Generated/CLOCK_XMC4/clock_xmc4.o
                0x08001ed0                OSCHP_GetFrequency
 .text.XMC_SCU_CLOCK_SetECATClockSource
                0x08001ee4       0x28 ./Dave/Generated/CLOCK_XMC4/clock_xmc4_conf.o
 .text.SystemCoreClockSetup
                0x08001f0c       0x64 ./Dave/Generated/CLOCK_XMC4/clock_xmc4_conf.o
                0x08001f0c                SystemCoreClockSetup
 .text.XMC_CCU4_EnableClock
                0x08001f70       0x20 ./Dave/Generated/CAPTURE/capture.o
 .text.XMC_CCU4_SLICE_StartTimer
                0x08001f90       0x18 ./Dave/Generated/CAPTURE/capture.o
 .text.XMC_CCU4_SLICE_ClearTimer
                0x08001fa8       0x18 ./Dave/Generated/CAPTURE/capture.o
 .text.XMC_CCU4_SLICE_SetTimerPeriodMatch
                0x08001fc0       0x1c ./Dave/Generated/CAPTURE/capture.o
 .text.XMC_CCU4_SLICE_SetTimerCompareMatch
                0x08001fdc       0x1c ./Dave/Generated/CAPTURE/capture.o
 .text.XMC_CCU4_EnableShadowTransfer
                0x08001ff8       0x1c ./Dave/Generated/CAPTURE/capture.o
 .text.CAPTURE_Init
                0x08002014       0x88 ./Dave/Generated/CAPTURE/capture.o
                0x08002014                CAPTURE_Init
 .text.CAPTURE_Start
                0x0800209c       0x60 ./Dave/Generated/CAPTURE/capture.o
                0x0800209c                CAPTURE_Start
 .text.CAPTURE_GetCapturedTime
                0x080020fc       0xd0 ./Dave/Generated/CAPTURE/capture.o
                0x080020fc                CAPTURE_GetCapturedTime
 .text.CAPTURE_CCU4_lInit
                0x080021cc       0x74 ./Dave/Generated/CAPTURE/capture.o
 .text.CAPTURE_CCU4_lShadowTransfer
                0x08002240       0x3c ./Dave/Generated/CAPTURE/capture.o
 .text.CAPTURE_lCalculateTimeTickFromTimerValue
                0x0800227c       0xc8 ./Dave/Generated/CAPTURE/capture.o
 .text.CAPTURE_CCU4_lSLICE_GetLastestCapturedTimerValue
                0x08002344       0x94 ./Dave/Generated/CAPTURE/capture.o
 .text.XMC_CAN_NODE_SetEventNodePointer
                0x080023d8       0x38 ./Dave/Generated/CAN_NODE/can_node.o
 .text.XMC_CAN_NODE_SetReceiveInput
                0x08002410       0x2c ./Dave/Generated/CAN_NODE/can_node.o
 .text.XMC_CAN_NODE_EnableLoopBack
                0x0800243c       0x20 ./Dave/Generated/CAN_NODE/can_node.o
 .text.XMC_CAN_NODE_EnableConfigurationChange
                0x0800245c       0x20 ./Dave/Generated/CAN_NODE/can_node.o
 .text.XMC_CAN_NODE_DisableConfigurationChange
                0x0800247c       0x20 ./Dave/Generated/CAN_NODE/can_node.o
 .text.XMC_CAN_NODE_SetInitBit
                0x0800249c       0x20 ./Dave/Generated/CAN_NODE/can_node.o
 .text.XMC_CAN_NODE_ResetInitBit
                0x080024bc       0x20 ./Dave/Generated/CAN_NODE/can_node.o
 .text.XMC_CAN_NODE_ReSetAnalyzerMode
                0x080024dc       0x20 ./Dave/Generated/CAN_NODE/can_node.o
 .text.XMC_CAN_MO_SetEventNodePointer
                0x080024fc       0x3c ./Dave/Generated/CAN_NODE/can_node.o
 .text.XMC_CAN_MO_EnableEvent
                0x08002538       0x24 ./Dave/Generated/CAN_NODE/can_node.o
 .text.CAN_NODE_MO_EnableTxEvent
                0x0800255c       0x1c ./Dave/Generated/CAN_NODE/can_node.o
 .text.CAN_NODE_MO_EnableRxEvent
                0x08002578       0x1c ./Dave/Generated/CAN_NODE/can_node.o
 .text.CAN_NODE_SetNodeEvents
                0x08002594       0x74 ./Dave/Generated/CAN_NODE/can_node.o
 .text.CAN_NODE_SetNodePointer
                0x08002608       0x68 ./Dave/Generated/CAN_NODE/can_node.o
 .text.CAN_NODE_MO_Init
                0x08002670       0x58 ./Dave/Generated/CAN_NODE/can_node.o
                0x08002670                CAN_NODE_MO_Init
 .text.CAN_NODE_MO_Transmit
                0x080026c8       0x24 ./Dave/Generated/CAN_NODE/can_node.o
                0x080026c8                CAN_NODE_MO_Transmit
 .text.CAN_NODE_MO_UpdateData
                0x080026ec       0x40 ./Dave/Generated/CAN_NODE/can_node.o
                0x080026ec                CAN_NODE_MO_UpdateData
 .text.CAN_NODE_Init
                0x0800272c      0x148 ./Dave/Generated/CAN_NODE/can_node.o
                0x0800272c                CAN_NODE_Init
 .text.__NVIC_GetPriorityGrouping
                0x08002874       0x1c ./Dave/Generated/ADC_MEASUREMENT/adc_measurement.o
 .text.__NVIC_EnableIRQ
                0x08002890       0x38 ./Dave/Generated/ADC_MEASUREMENT/adc_measurement.o
 .text.__NVIC_SetPriority
                0x080028c8       0x54 ./Dave/Generated/ADC_MEASUREMENT/adc_measurement.o
 .text.NVIC_EncodePriority
                0x0800291c       0x64 ./Dave/Generated/ADC_MEASUREMENT/adc_measurement.o
 .text.XMC_VADC_GLOBAL_BackgroundTriggerConversion
                0x08002980       0x24 ./Dave/Generated/ADC_MEASUREMENT/adc_measurement.o
 .text.XMC_VADC_GLOBAL_BackgroundAddChannelToSequence
                0x080029a4       0x38 ./Dave/Generated/ADC_MEASUREMENT/adc_measurement.o
 .text.XMC_VADC_GROUP_ResultInit
                0x080029dc       0x24 ./Dave/Generated/ADC_MEASUREMENT/adc_measurement.o
 .text.XMC_VADC_GROUP_GetResult
                0x08002a00       0x24 ./Dave/Generated/ADC_MEASUREMENT/adc_measurement.o
 .text.ADC_MEASUREMENT_Init
                0x08002a24      0x150 ./Dave/Generated/ADC_MEASUREMENT/adc_measurement.o
                0x08002a24                ADC_MEASUREMENT_Init
 .text.ADC_MEASUREMENT_GetResult
                0x08002b74       0x30 ./Dave/Generated/ADC_MEASUREMENT/adc_measurement.o
                0x08002b74                ADC_MEASUREMENT_GetResult
 .text.DAVE_Init
                0x08002ba4       0x74 ./Dave/Generated/DAVE.o
                0x08002ba4                DAVE_Init
 .text.XMC_GPIO_SetOutputHigh
                0x08002c18       0x20 ./main.o
 .text.XMC_GPIO_SetOutputLow
                0x08002c38       0x24 ./main.o
 .text.DIGITAL_IO_SetOutputHigh
                0x08002c5c       0x20 ./main.o
 .text.DIGITAL_IO_SetOutputLow
                0x08002c7c       0x20 ./main.o
 .text.main     0x08002c9c      0x114 ./main.o
                0x08002c9c                main
 .text.__libc_init_array
                0x08002db0       0x4c c:/infineon/tools/dave ide/4.5.0.202105191637/eclipse/arm-gcc-49/bin/../lib/gcc/arm-none-eabi/4.9.3/../../../../arm-none-eabi/lib/armv7e-m/softfp\libg_nano.a(lib_a-init.o)
                0x08002db0                __libc_init_array
 *(.init)
 *(.fini)
 *crtbegin.o(.ctors)
 *crtbegin?.o(.ctors)
 *(EXCLUDE_FILE(*crtend.o *crtend?.o) .ctors)
 *(SORT(.ctors.*))
 *(.ctors)
 *crtbegin.o(.dtors)
 *crtbegin?.o(.dtors)
 *(EXCLUDE_FILE(*crtend.o *crtend?.o) .dtors)
 *(SORT(.dtors.*))
 *(.dtors)
 *(.rodata .rodata.*)
 .rodata.g_xmc_vadc_group_array
                0x08002dfc       0x10 ./Libraries/XMCLib/src/xmc_vadc.o
 .rodata.group_init_handle0
                0x08002e0c       0x14 ./Dave/Generated/GLOBAL_ADC/global_adc_conf.o
                0x08002e0c                group_init_handle0
 .rodata.group_init_handle1
                0x08002e20       0x14 ./Dave/Generated/GLOBAL_ADC/global_adc_conf.o
                0x08002e20                group_init_handle1
 .rodata.group_init_handle2
                0x08002e34       0x14 ./Dave/Generated/GLOBAL_ADC/global_adc_conf.o
                0x08002e34                group_init_handle2
 .rodata.group_init_handle3
                0x08002e48       0x14 ./Dave/Generated/GLOBAL_ADC/global_adc_conf.o
                0x08002e48                group_init_handle3
 .rodata.global_config
                0x08002e5c       0x18 ./Dave/Generated/GLOBAL_ADC/global_adc_conf.o
                0x08002e5c                global_config
 .rodata.ULTRA_TRIG
                0x08002e74       0x14 ./Dave/Generated/DIGITAL_IO/digital_io_conf.o
                0x08002e74                ULTRA_TRIG
 .rodata        0x08002e88       0x14 ./Dave/Generated/CLOCK_XMC4/clock_xmc4_conf.o
 .rodata.CAPTURE_0_input
                0x08002e9c        0x8 ./Dave/Generated/CAPTURE/capture_conf.o
                0x08002e9c                CAPTURE_0_input
 .rodata.CAPTURE_0_input_pin_config
                0x08002ea4        0xc ./Dave/Generated/CAPTURE/capture_conf.o
                0x08002ea4                CAPTURE_0_input_pin_config
 .rodata.CAPTURE_0_event0_config
                0x08002eb0        0x4 ./Dave/Generated/CAPTURE/capture_conf.o
                0x08002eb0                CAPTURE_0_event0_config
 .rodata.CAPTURE_0_event1_config
                0x08002eb4        0x4 ./Dave/Generated/CAPTURE/capture_conf.o
                0x08002eb4                CAPTURE_0_event1_config
 .rodata.CAPTURE_0_config
                0x08002eb8        0x8 ./Dave/Generated/CAPTURE/capture_conf.o
                0x08002eb8                CAPTURE_0_config
 .rodata.CAN_NODE_0_gpio_out
                0x08002ec0        0x8 ./Dave/Generated/CAN_NODE/can_node_conf.o
 .rodata.CAN_NODE_0_gpio_out_config
                0x08002ec8        0xc ./Dave/Generated/CAN_NODE/can_node_conf.o
 .rodata.CAN_NODE_0_gpio_in
                0x08002ed4        0x8 ./Dave/Generated/CAN_NODE/can_node_conf.o
 .rodata.CAN_NODE_0_gpio_in_config
                0x08002edc        0xc ./Dave/Generated/CAN_NODE/can_node_conf.o
 .rodata.CAN_NODE_0_BitTimeConfig
                0x08002ee8        0xc ./Dave/Generated/CAN_NODE/can_node_conf.o
 .rodata.CAN_NODE_0_sr
                0x08002ef4        0x4 ./Dave/Generated/CAN_NODE/can_node_conf.o
 .rodata.CAN_NODE_0_LMO_01_Config
                0x08002ef8        0xc ./Dave/Generated/CAN_NODE/can_node_conf.o
                0x08002ef8                CAN_NODE_0_LMO_01_Config
 .rodata.CAN_NODE_0
                0x08002f04       0xa8 ./Dave/Generated/CAN_NODE/can_node_conf.o
                0x08002f04                CAN_NODE_0
 .rodata.global_iclass_config
                0x08002fac        0x4 ./Dave/Generated/ADC_MEASUREMENT/adc_measurement_conf.o
                0x08002fac                global_iclass_config
 .rodata.backgnd_config
                0x08002fb0        0xc ./Dave/Generated/ADC_MEASUREMENT/adc_measurement_conf.o
                0x08002fb0                backgnd_config
 *(.gnu.linkonce.r*)
 *(vtable)
                0x08002fbc                . = ALIGN (0x4)

.glue_7         0x08002fbc        0x0 load address 0x0c002fbc
 .glue_7        0x00000000        0x0 linker stubs

.glue_7t        0x08002fbc        0x0 load address 0x0c002fbc
 .glue_7t       0x00000000        0x0 linker stubs

.vfp11_veneer   0x08002fbc        0x0 load address 0x0c002fbc
 .vfp11_veneer  0x00000000        0x0 linker stubs

.v4_bx          0x08002fbc        0x0 load address 0x0c002fbc
 .v4_bx         0x00000000        0x0 linker stubs

.iplt           0x08002fbc        0x0 load address 0x0c002fbc
 .iplt          0x00000000        0x0 ./Startup/startup_XMC4800.o

.rel.dyn        0x08002fbc        0x0 load address 0x0c002fbc
 .rel.iplt      0x00000000        0x0 ./Startup/startup_XMC4800.o

.eh_frame_hdr
 *(.eh_frame_hdr)

.eh_frame
 *(.eh_frame)

.ARM.extab
 *(.ARM.extab* .gnu.linkonce.armextab.*)
                0x08002fbc                . = ALIGN (0x4)
                0x08002fbc                __exidx_start = .

.ARM.exidx
 *(.ARM.exidx* .gnu.linkonce.armexidx.*)
                0x08002fbc                __exidx_end = .
                0x08002fbc                . = ALIGN (0x4)

Stack           0x1ffe8000      0x800
                0x1ffe8000                __stack_start = .
                0x1ffe8800                . = (. + stack_size)
 *fill*         0x1ffe8000      0x800 
                0x1ffe8800                __stack_end = .
                0x1ffe8800                __initial_sp = .

.ram_code       0x1ffe8800        0x0 load address 0x0c002fbc
                0x1ffe8800                . = ALIGN (0x4)
                0x1ffe8800                __ram_code_start = .
 *(.ram_code)
                0x1ffe8800                . = ALIGN (0x4)
                0x1ffe8800                __ram_code_end = .
                0x0c002fbc                __ram_code_load = LOADADDR (.ram_code)
                0x00000000                __ram_code_size = (__ram_code_end - __ram_code_start)

.data           0x1ffe8800      0x100 load address 0x0c002fbc
                0x1ffe8800                . = ALIGN (0x4)
                0x1ffe8800                __data_start = .
 *(.data)
 *(.data*)
 .data.GLOBAL_CCU4_0
                0x1ffe8800       0x10 ./Dave/Generated/GLOBAL_CCU4/global_ccu4_conf.o
                0x1ffe8800                GLOBAL_CCU4_0
 .data.GLOBAL_CAN_0
                0x1ffe8810        0xc ./Dave/Generated/GLOBAL_CAN/global_can_conf.o
                0x1ffe8810                GLOBAL_CAN_0
 .data.group_0_config
                0x1ffe881c        0xc ./Dave/Generated/GLOBAL_ADC/global_adc_conf.o
                0x1ffe881c                group_0_config
 .data.group_1_config
                0x1ffe8828        0xc ./Dave/Generated/GLOBAL_ADC/global_adc_conf.o
                0x1ffe8828                group_1_config
 .data.group_2_config
                0x1ffe8834        0xc ./Dave/Generated/GLOBAL_ADC/global_adc_conf.o
                0x1ffe8834                group_2_config
 .data.group_3_config
                0x1ffe8840        0xc ./Dave/Generated/GLOBAL_ADC/global_adc_conf.o
                0x1ffe8840                group_3_config
 .data.GLOBAL_ADC_0
                0x1ffe884c       0x1c ./Dave/Generated/GLOBAL_ADC/global_adc_conf.o
                0x1ffe884c                GLOBAL_ADC_0
 .data.CAPTURE_0
                0x1ffe8868       0x34 ./Dave/Generated/CAPTURE/capture_conf.o
                0x1ffe8868                CAPTURE_0
 *fill*         0x1ffe889c        0x4 
 .data.CAN_NODE_0_LMO_01
                0x1ffe88a0       0x20 ./Dave/Generated/CAN_NODE/can_node_conf.o
 .data.Channel_A_ch_config
                0x1ffe88c0       0x10 ./Dave/Generated/ADC_MEASUREMENT/adc_measurement_conf.o
                0x1ffe88c0                Channel_A_ch_config
 .data.ADC_MEASUREMENT_Channel_A_handle
                0x1ffe88d0       0x10 ./Dave/Generated/ADC_MEASUREMENT/adc_measurement_conf.o
                0x1ffe88d0                ADC_MEASUREMENT_Channel_A_handle
 .data.ADC_MEASUREMENT_channel_array
                0x1ffe88e0        0x4 ./Dave/Generated/ADC_MEASUREMENT/adc_measurement_conf.o
                0x1ffe88e0                ADC_MEASUREMENT_channel_array
 .data.ADC_MEASUREMENT_0
                0x1ffe88e4       0x1c ./Dave/Generated/ADC_MEASUREMENT/adc_measurement_conf.o
                0x1ffe88e4                ADC_MEASUREMENT_0
 *(*.data)
 *(.gnu.linkonce.d*)
                0x1ffe8900                . = ALIGN (0x4)
                0x1ffe8900                PROVIDE (__preinit_array_start, .)
 *(.preinit_array)
                0x1ffe8900                PROVIDE (__preinit_array_end, .)
                0x1ffe8900                . = ALIGN (0x4)
                0x1ffe8900                PROVIDE (__init_array_start, .)
 *(SORT(.init_array.*))
 *(.init_array)
                0x1ffe8900                PROVIDE (__init_array_end, .)
                0x1ffe8900                . = ALIGN (0x4)
                0x1ffe8900                PROVIDE (__fini_array_start, .)
 *(SORT(.fini_array.*))
 *(.fini_array)
                0x1ffe8900                PROVIDE (__fini_array_end, .)
                0x1ffe8900                . = ALIGN (0x4)
                0x1ffe8900                __data_end = .
                0x0c002fbc                __data_load = LOADADDR (.data)
                0x00000100                __data_size = (__data_end - __data_start)
                0x000030bc                __text_size = (((__exidx_end - sText) + __data_size) + __ram_code_size)
                0x080030bc                eText = (sText + __text_size)

.igot.plt       0x1ffe8900        0x0 load address 0x0c0030bc
 .igot.plt      0x00000000        0x0 ./Startup/startup_XMC4800.o

.bss            0x1ffe8900       0x20 load address 0x0c0030bc
                0x1ffe8900                . = ALIGN (0x4)
                0x1ffe8900                __bss_start = .
 *(.bss)
 *(.bss*)
 .bss.CLOCK_XMC4_0
                0x1ffe8900        0x4 ./Dave/Generated/CLOCK_XMC4/clock_xmc4_conf.o
                0x1ffe8900                CLOCK_XMC4_0
 .bss.Channel_A_res_config
                0x1ffe8904        0x4 ./Dave/Generated/ADC_MEASUREMENT/adc_measurement_conf.o
                0x1ffe8904                Channel_A_res_config
 .bss.can_data  0x1ffe8908        0x8 ./main.o
                0x1ffe8908                can_data
 .bss.pot_adc_value
                0x1ffe8910        0x2 ./main.o
                0x1ffe8910                pot_adc_value
 *fill*         0x1ffe8912        0x2 
 .bss.echo_pulse_ticks
                0x1ffe8914        0x4 ./main.o
                0x1ffe8914                echo_pulse_ticks
 .bss.echo_time_us
                0x1ffe8918        0x4 ./main.o
                0x1ffe8918                echo_time_us
 .bss.distance_cm
                0x1ffe891c        0x2 ./main.o
                0x1ffe891c                distance_cm
 *(COMMON)
 COMMON         0x1ffe891e        0x1 ./main.o
                0x1ffe891e                cap_status
 *(.gnu.linkonce.b*)
                0x1ffe8920                . = ALIGN (0x4)
 *fill*         0x1ffe891f        0x1 
                0x1ffe8920                __bss_end = .
                0x00000020                __bss_size = (__bss_end - __bss_start)
                0x000176e0                __shift_loc = (__bss_end >= ORIGIN (DSRAM_1_system))?0x0:(ORIGIN (DSRAM_1_system) - __bss_end)

USB_RAM         0x20000000        0x0
                0x20000000                . = ALIGN (0x4)
                0x20000000                USB_RAM_start = .
 *(USB_RAM)
                0x20000000                . = ALIGN (0x4)
                0x20000000                USB_RAM_end = .
                0x00000000                USB_RAM_size = (USB_RAM_end - USB_RAM_start)

ETH_RAM         0x20000000        0x0
                0x20000000                . = ALIGN (0x4)
                0x20000000                ETH_RAM_start = .
 *(ETH_RAM)
                0x20000000                . = ALIGN (0x4)
                0x20000000                ETH_RAM_end = .
                0x20000000                . = ALIGN (0x8)
                0x20000000                Heap_Bank1_Start = .
                0x00000000                ETH_RAM_size = (ETH_RAM_end - ETH_RAM_start)

.no_init        0x2003ffc0       0x14
                0x2003ffc0                Heap_Bank1_End = .
 *(.no_init)
 .no_init       0x2003ffc0       0x14 ./Startup/system_XMC4800.o
                0x2003ffc0                SystemCoreClock
                0x2003ffc4                g_chipid
                0x0003ffc0                Heap_Bank1_Size = (Heap_Bank1_End - Heap_Bank1_Start)
                0x00000001                ASSERT ((Heap_Bank1_Start <= Heap_Bank1_End), region SRAM_combined overflowed no_init section)

/DISCARD/
 *(.comment)

.stab
 *(.stab)

.stabstr
 *(.stabstr)

.debug
 *(.debug)

.line
 *(.line)

.debug_srcinfo
 *(.debug_srcinfo)

.debug_sfnames
 *(.debug_sfnames)

.debug_aranges  0x00000000      0xe50
 *(.debug_aranges)
 .debug_aranges
                0x00000000       0x20 ./Startup/startup_XMC4800.o
 .debug_aranges
                0x00000020       0x48 ./Startup/system_XMC4800.o
 .debug_aranges
                0x00000068       0x28 ./Libraries/XMCLib/src/xmc4_gpio.o
 .debug_aranges
                0x00000090      0x3f8 ./Libraries/XMCLib/src/xmc4_scu.o
 .debug_aranges
                0x00000488      0x120 ./Libraries/XMCLib/src/xmc_can.o
 .debug_aranges
                0x000005a8      0x138 ./Libraries/XMCLib/src/xmc_ccu4.o
 .debug_aranges
                0x000006e0       0x28 ./Libraries/XMCLib/src/xmc_gpio.o
 .debug_aranges
                0x00000708      0x280 ./Libraries/XMCLib/src/xmc_vadc.o
 .debug_aranges
                0x00000988       0x28 ./Libraries/Newlib/syscalls.o
 .debug_aranges
                0x000009b0       0x30 ./Dave/Generated/GLOBAL_CCU4/global_ccu4.o
 .debug_aranges
                0x000009e0       0x18 ./Dave/Generated/GLOBAL_CCU4/global_ccu4_conf.o
 .debug_aranges
                0x000009f8       0x28 ./Dave/Generated/GLOBAL_CAN/global_can.o
 .debug_aranges
                0x00000a20       0x18 ./Dave/Generated/GLOBAL_CAN/global_can_conf.o
 .debug_aranges
                0x00000a38       0x30 ./Dave/Generated/GLOBAL_ADC/global_adc.o
 .debug_aranges
                0x00000a68       0x18 ./Dave/Generated/GLOBAL_ADC/global_adc_conf.o
 .debug_aranges
                0x00000a80       0x28 ./Dave/Generated/DIGITAL_IO/digital_io.o
 .debug_aranges
                0x00000aa8       0x18 ./Dave/Generated/DIGITAL_IO/digital_io_conf.o
 .debug_aranges
                0x00000ac0       0x38 ./Dave/Generated/CLOCK_XMC4/clock_xmc4.o
 .debug_aranges
                0x00000af8       0x28 ./Dave/Generated/CLOCK_XMC4/clock_xmc4_conf.o
 .debug_aranges
                0x00000b20       0xe8 ./Dave/Generated/CAPTURE/capture.o
 .debug_aranges
                0x00000c08       0x18 ./Dave/Generated/CAPTURE/capture_conf.o
 .debug_aranges
                0x00000c20      0x118 ./Dave/Generated/CAN_NODE/can_node.o
 .debug_aranges
                0x00000d38       0x18 ./Dave/Generated/CAN_NODE/can_node_conf.o
 .debug_aranges
                0x00000d50       0x88 ./Dave/Generated/ADC_MEASUREMENT/adc_measurement.o
 .debug_aranges
                0x00000dd8       0x18 ./Dave/Generated/ADC_MEASUREMENT/adc_measurement_conf.o
 .debug_aranges
                0x00000df0       0x20 ./Dave/Generated/DAVE.o
 .debug_aranges
                0x00000e10       0x40 ./main.o

.debug_pubnames
 *(.debug_pubnames)

.debug_pubtypes
 *(.debug_pubtypes)

.debug_info     0x00000000    0x19e7e
 *(.debug_info .gnu.linkonce.wi.*)
 .debug_info    0x00000000       0x94 ./Startup/startup_XMC4800.o
 .debug_info    0x00000094      0xa42 ./Startup/system_XMC4800.o
 .debug_info    0x00000ad6      0x4dd ./Libraries/XMCLib/src/xmc4_gpio.o
 .debug_info    0x00000fb3     0x24b2 ./Libraries/XMCLib/src/xmc4_scu.o
 .debug_info    0x00003465     0x14f9 ./Libraries/XMCLib/src/xmc_can.o
 .debug_info    0x0000495e     0x17ab ./Libraries/XMCLib/src/xmc_ccu4.o
 .debug_info    0x00006109      0x458 ./Libraries/XMCLib/src/xmc_gpio.o
 .debug_info    0x00006561     0x317a ./Libraries/XMCLib/src/xmc_vadc.o
 .debug_info    0x000096db      0x11f ./Libraries/Newlib/syscalls.o
 .debug_info    0x000097fa      0x43a ./Dave/Generated/GLOBAL_CCU4/global_ccu4.o
 .debug_info    0x00009c34      0x33a ./Dave/Generated/GLOBAL_CCU4/global_ccu4_conf.o
 .debug_info    0x00009f6e      0x45e ./Dave/Generated/GLOBAL_CAN/global_can.o
 .debug_info    0x0000a3cc      0x384 ./Dave/Generated/GLOBAL_CAN/global_can_conf.o
 .debug_info    0x0000a750     0x10a9 ./Dave/Generated/GLOBAL_ADC/global_adc.o
 .debug_info    0x0000b7f9     0x10ac ./Dave/Generated/GLOBAL_ADC/global_adc_conf.o
 .debug_info    0x0000c8a5      0x597 ./Dave/Generated/DIGITAL_IO/digital_io.o
 .debug_info    0x0000ce3c      0x4d2 ./Dave/Generated/DIGITAL_IO/digital_io_conf.o
 .debug_info    0x0000d30e      0x2dd ./Dave/Generated/CLOCK_XMC4/clock_xmc4.o
 .debug_info    0x0000d5eb      0x659 ./Dave/Generated/CLOCK_XMC4/clock_xmc4_conf.o
 .debug_info    0x0000dc44     0x1704 ./Dave/Generated/CAPTURE/capture.o
 .debug_info    0x0000f348      0xcf9 ./Dave/Generated/CAPTURE/capture_conf.o
 .debug_info    0x00010041     0x153e ./Dave/Generated/CAN_NODE/can_node.o
 .debug_info    0x0001157f      0xd1b ./Dave/Generated/CAN_NODE/can_node_conf.o
 .debug_info    0x0001229a     0x1fce ./Dave/Generated/ADC_MEASUREMENT/adc_measurement.o
 .debug_info    0x00014268     0x1941 ./Dave/Generated/ADC_MEASUREMENT/adc_measurement_conf.o
 .debug_info    0x00015ba9     0x28fe ./Dave/Generated/DAVE.o
 .debug_info    0x000184a7     0x19d7 ./main.o

.debug_abbrev   0x00000000     0x2ec1
 *(.debug_abbrev)
 .debug_abbrev  0x00000000       0x14 ./Startup/startup_XMC4800.o
 .debug_abbrev  0x00000014      0x1f1 ./Startup/system_XMC4800.o
 .debug_abbrev  0x00000205      0x144 ./Libraries/XMCLib/src/xmc4_gpio.o
 .debug_abbrev  0x00000349      0x2a3 ./Libraries/XMCLib/src/xmc4_scu.o
 .debug_abbrev  0x000005ec      0x2ee ./Libraries/XMCLib/src/xmc_can.o
 .debug_abbrev  0x000008da      0x232 ./Libraries/XMCLib/src/xmc_ccu4.o
 .debug_abbrev  0x00000b0c      0x144 ./Libraries/XMCLib/src/xmc_gpio.o
 .debug_abbrev  0x00000c50      0x282 ./Libraries/XMCLib/src/xmc_vadc.o
 .debug_abbrev  0x00000ed2       0xbd ./Libraries/Newlib/syscalls.o
 .debug_abbrev  0x00000f8f      0x196 ./Dave/Generated/GLOBAL_CCU4/global_ccu4.o
 .debug_abbrev  0x00001125      0x124 ./Dave/Generated/GLOBAL_CCU4/global_ccu4_conf.o
 .debug_abbrev  0x00001249      0x17e ./Dave/Generated/GLOBAL_CAN/global_can.o
 .debug_abbrev  0x000013c7      0x124 ./Dave/Generated/GLOBAL_CAN/global_can_conf.o
 .debug_abbrev  0x000014eb      0x20d ./Dave/Generated/GLOBAL_ADC/global_adc.o
 .debug_abbrev  0x000016f8      0x1ac ./Dave/Generated/GLOBAL_ADC/global_adc_conf.o
 .debug_abbrev  0x000018a4      0x171 ./Dave/Generated/DIGITAL_IO/digital_io.o
 .debug_abbrev  0x00001a15      0x126 ./Dave/Generated/DIGITAL_IO/digital_io_conf.o
 .debug_abbrev  0x00001b3b      0x13d ./Dave/Generated/CLOCK_XMC4/clock_xmc4.o
 .debug_abbrev  0x00001c78      0x168 ./Dave/Generated/CLOCK_XMC4/clock_xmc4_conf.o
 .debug_abbrev  0x00001de0      0x2d6 ./Dave/Generated/CAPTURE/capture.o
 .debug_abbrev  0x000020b6      0x181 ./Dave/Generated/CAPTURE/capture_conf.o
 .debug_abbrev  0x00002237      0x2b8 ./Dave/Generated/CAN_NODE/can_node.o
 .debug_abbrev  0x000024ef      0x19d ./Dave/Generated/CAN_NODE/can_node_conf.o
 .debug_abbrev  0x0000268c      0x294 ./Dave/Generated/ADC_MEASUREMENT/adc_measurement.o
 .debug_abbrev  0x00002920      0x1a2 ./Dave/Generated/ADC_MEASUREMENT/adc_measurement_conf.o
 .debug_abbrev  0x00002ac2      0x1c2 ./Dave/Generated/DAVE.o
 .debug_abbrev  0x00002c84      0x23d ./main.o

.debug_line     0x00000000     0x7654
 *(.debug_line)
 .debug_line    0x00000000       0x87 ./Startup/startup_XMC4800.o
 .debug_line    0x00000087      0x377 ./Startup/system_XMC4800.o
 .debug_line    0x000003fe      0x24d ./Libraries/XMCLib/src/xmc4_gpio.o
 .debug_line    0x0000064b      0xe9b ./Libraries/XMCLib/src/xmc4_scu.o
 .debug_line    0x000014e6      0x70d ./Libraries/XMCLib/src/xmc_can.o
 .debug_line    0x00001bf3      0x668 ./Libraries/XMCLib/src/xmc_ccu4.o
 .debug_line    0x0000225b      0x23a ./Libraries/XMCLib/src/xmc_gpio.o
 .debug_line    0x00002495      0xb33 ./Libraries/XMCLib/src/xmc_vadc.o
 .debug_line    0x00002fc8       0xd0 ./Libraries/Newlib/syscalls.o
 .debug_line    0x00003098      0x370 ./Dave/Generated/GLOBAL_CCU4/global_ccu4.o
 .debug_line    0x00003408      0x2ca ./Dave/Generated/GLOBAL_CCU4/global_ccu4_conf.o
 .debug_line    0x000036d2      0x349 ./Dave/Generated/GLOBAL_CAN/global_can.o
 .debug_line    0x00003a1b      0x2b8 ./Dave/Generated/GLOBAL_CAN/global_can_conf.o
 .debug_line    0x00003cd3      0x37c ./Dave/Generated/GLOBAL_ADC/global_adc.o
 .debug_line    0x0000404f      0x2b9 ./Dave/Generated/GLOBAL_ADC/global_adc_conf.o
 .debug_line    0x00004308      0x2bc ./Dave/Generated/DIGITAL_IO/digital_io.o
 .debug_line    0x000045c4      0x22e ./Dave/Generated/DIGITAL_IO/digital_io_conf.o
 .debug_line    0x000047f2      0x2f2 ./Dave/Generated/CLOCK_XMC4/clock_xmc4.o
 .debug_line    0x00004ae4      0x2ec ./Dave/Generated/CLOCK_XMC4/clock_xmc4_conf.o
 .debug_line    0x00004dd0      0x785 ./Dave/Generated/CAPTURE/capture.o
 .debug_line    0x00005555      0x368 ./Dave/Generated/CAPTURE/capture_conf.o
 .debug_line    0x000058bd      0x674 ./Dave/Generated/CAN_NODE/can_node.o
 .debug_line    0x00005f31      0x359 ./Dave/Generated/CAN_NODE/can_node_conf.o
 .debug_line    0x0000628a      0x53f ./Dave/Generated/ADC_MEASUREMENT/adc_measurement.o
 .debug_line    0x000067c9      0x352 ./Dave/Generated/ADC_MEASUREMENT/adc_measurement_conf.o
 .debug_line    0x00006b1b      0x4dc ./Dave/Generated/DAVE.o
 .debug_line    0x00006ff7      0x65d ./main.o

.debug_frame    0x00000000     0x3b24
 *(.debug_frame)
 .debug_frame   0x00000000       0xec ./Startup/system_XMC4800.o
 .debug_frame   0x000000ec       0x60 ./Libraries/XMCLib/src/xmc4_gpio.o
 .debug_frame   0x0000014c     0x12ac ./Libraries/XMCLib/src/xmc4_scu.o
 .debug_frame   0x000013f8      0x538 ./Libraries/XMCLib/src/xmc_can.o
 .debug_frame   0x00001930      0x5b0 ./Libraries/XMCLib/src/xmc_ccu4.o
 .debug_frame   0x00001ee0       0x60 ./Libraries/XMCLib/src/xmc_gpio.o
 .debug_frame   0x00001f40      0xc00 ./Libraries/XMCLib/src/xmc_vadc.o
 .debug_frame   0x00002b40       0x5c ./Libraries/Newlib/syscalls.o
 .debug_frame   0x00002b9c       0x88 ./Dave/Generated/GLOBAL_CCU4/global_ccu4.o
 .debug_frame   0x00002c24       0x60 ./Dave/Generated/GLOBAL_CAN/global_can.o
 .debug_frame   0x00002c84       0x88 ./Dave/Generated/GLOBAL_ADC/global_adc.o
 .debug_frame   0x00002d0c       0x60 ./Dave/Generated/DIGITAL_IO/digital_io.o
 .debug_frame   0x00002d6c       0xac ./Dave/Generated/CLOCK_XMC4/clock_xmc4.o
 .debug_frame   0x00002e18       0x64 ./Dave/Generated/CLOCK_XMC4/clock_xmc4_conf.o
 .debug_frame   0x00002e7c      0x424 ./Dave/Generated/CAPTURE/capture.o
 .debug_frame   0x000032a0      0x510 ./Dave/Generated/CAN_NODE/can_node.o
 .debug_frame   0x000037b0      0x240 ./Dave/Generated/ADC_MEASUREMENT/adc_measurement.o
 .debug_frame   0x000039f0       0x38 ./Dave/Generated/DAVE.o
 .debug_frame   0x00003a28       0xd0 ./main.o
 .debug_frame   0x00003af8       0x2c c:/infineon/tools/dave ide/4.5.0.202105191637/eclipse/arm-gcc-49/bin/../lib/gcc/arm-none-eabi/4.9.3/../../../../arm-none-eabi/lib/armv7e-m/softfp\libg_nano.a(lib_a-init.o)

.debug_str      0x00000000     0xa372
 *(.debug_str)
 .debug_str     0x00000000      0x603 ./Startup/system_XMC4800.o
                                0x683 (size before relaxing)
 .debug_str     0x00000603      0x544 ./Libraries/XMCLib/src/xmc4_gpio.o
                                0x7f3 (size before relaxing)
 .debug_str     0x00000b47     0x23d7 ./Libraries/XMCLib/src/xmc4_scu.o
                               0x299b (size before relaxing)
 .debug_str     0x00002f1e      0xbaa ./Libraries/XMCLib/src/xmc_can.o
                               0x1573 (size before relaxing)
 .debug_str     0x00003ac8     0x14fb ./Libraries/XMCLib/src/xmc_ccu4.o
                               0x1f1e (size before relaxing)
 .debug_str     0x00004fc3       0xca ./Libraries/XMCLib/src/xmc_gpio.o
                                0x6a1 (size before relaxing)
 .debug_str     0x0000508d     0x235c ./Libraries/XMCLib/src/xmc_vadc.o
                               0x2d8a (size before relaxing)
 .debug_str     0x000073e9       0x6a ./Libraries/Newlib/syscalls.o
                                0x22f (size before relaxing)
 .debug_str     0x00007453      0x20c ./Dave/Generated/GLOBAL_CCU4/global_ccu4.o
                                0x5f1 (size before relaxing)
 .debug_str     0x0000765f       0x3f ./Dave/Generated/GLOBAL_CCU4/global_ccu4_conf.o
                                0x505 (size before relaxing)
 .debug_str     0x0000769e       0xed ./Dave/Generated/GLOBAL_CAN/global_can.o
                                0x491 (size before relaxing)
 .debug_str     0x0000778b       0x3c ./Dave/Generated/GLOBAL_CAN/global_can_conf.o
                                0x3c0 (size before relaxing)
 .debug_str     0x000077c7      0x1bd ./Dave/Generated/GLOBAL_ADC/global_adc.o
                                0xacc (size before relaxing)
 .debug_str     0x00007984      0x21d ./Dave/Generated/GLOBAL_ADC/global_adc_conf.o
                                0xbcb (size before relaxing)
 .debug_str     0x00007ba1       0xdf ./Dave/Generated/DIGITAL_IO/digital_io.o
                                0x930 (size before relaxing)
 .debug_str     0x00007c80       0x3a ./Dave/Generated/DIGITAL_IO/digital_io_conf.o
                                0x87c (size before relaxing)
 .debug_str     0x00007cba       0xe7 ./Dave/Generated/CLOCK_XMC4/clock_xmc4.o
                                0x3e4 (size before relaxing)
 .debug_str     0x00007da1       0xe5 ./Dave/Generated/CLOCK_XMC4/clock_xmc4_conf.o
                                0x96c (size before relaxing)
 .debug_str     0x00007e86      0x878 ./Dave/Generated/CAPTURE/capture.o
                               0x1967 (size before relaxing)
 .debug_str     0x000086fe      0x346 ./Dave/Generated/CAPTURE/capture_conf.o
                               0x14ca (size before relaxing)
 .debug_str     0x00008a44      0x918 ./Dave/Generated/CAN_NODE/can_node.o
                               0x163e (size before relaxing)
 .debug_str     0x0000935c      0x197 ./Dave/Generated/CAN_NODE/can_node_conf.o
                                0xf6b (size before relaxing)
 .debug_str     0x000094f3      0xabe ./Dave/Generated/ADC_MEASUREMENT/adc_measurement.o
                               0x19cb (size before relaxing)
 .debug_str     0x00009fb1      0x2b1 ./Dave/Generated/ADC_MEASUREMENT/adc_measurement_conf.o
                               0x1916 (size before relaxing)
 .debug_str     0x0000a262       0x65 ./Dave/Generated/DAVE.o
                               0x257c (size before relaxing)
 .debug_str     0x0000a2c7       0xab ./main.o
                               0x1a75 (size before relaxing)

.debug_loc      0x00000000     0x7cca
 *(.debug_loc)
 .debug_loc     0x00000000      0x1a4 ./Startup/system_XMC4800.o
 .debug_loc     0x000001a4       0xb8 ./Libraries/XMCLib/src/xmc4_gpio.o
 .debug_loc     0x0000025c     0x2708 ./Libraries/XMCLib/src/xmc4_scu.o
 .debug_loc     0x00002964      0xb68 ./Libraries/XMCLib/src/xmc_can.o
 .debug_loc     0x000034cc      0xc90 ./Libraries/XMCLib/src/xmc_ccu4.o
 .debug_loc     0x0000415c       0xb8 ./Libraries/XMCLib/src/xmc_gpio.o
 .debug_loc     0x00004214     0x1ac8 ./Libraries/XMCLib/src/xmc_vadc.o
 .debug_loc     0x00005cdc       0x94 ./Libraries/Newlib/syscalls.o
 .debug_loc     0x00005d70      0x108 ./Dave/Generated/GLOBAL_CCU4/global_ccu4.o
 .debug_loc     0x00005e78       0xac ./Dave/Generated/GLOBAL_CAN/global_can.o
 .debug_loc     0x00005f24      0x108 ./Dave/Generated/GLOBAL_ADC/global_adc.o
 .debug_loc     0x0000602c       0xac ./Dave/Generated/DIGITAL_IO/digital_io.o
 .debug_loc     0x000060d8      0x14c ./Dave/Generated/CLOCK_XMC4/clock_xmc4.o
 .debug_loc     0x00006224       0xac ./Dave/Generated/CLOCK_XMC4/clock_xmc4_conf.o
 .debug_loc     0x000062d0      0x8a6 ./Dave/Generated/CAPTURE/capture.o
 .debug_loc     0x00006b76      0xab4 ./Dave/Generated/CAN_NODE/can_node.o
 .debug_loc     0x0000762a      0x4c0 ./Dave/Generated/ADC_MEASUREMENT/adc_measurement.o
 .debug_loc     0x00007aea       0x50 ./Dave/Generated/DAVE.o
 .debug_loc     0x00007b3a      0x190 ./main.o

.debug_macinfo
 *(.debug_macinfo)

.debug_ranges   0x00000000      0xc58
 *(.debug_ranges)
 .debug_ranges  0x00000000       0x38 ./Startup/system_XMC4800.o
 .debug_ranges  0x00000038       0x18 ./Libraries/XMCLib/src/xmc4_gpio.o
 .debug_ranges  0x00000050      0x3e8 ./Libraries/XMCLib/src/xmc4_scu.o
 .debug_ranges  0x00000438      0x110 ./Libraries/XMCLib/src/xmc_can.o
 .debug_ranges  0x00000548      0x128 ./Libraries/XMCLib/src/xmc_ccu4.o
 .debug_ranges  0x00000670       0x18 ./Libraries/XMCLib/src/xmc_gpio.o
 .debug_ranges  0x00000688      0x270 ./Libraries/XMCLib/src/xmc_vadc.o
 .debug_ranges  0x000008f8       0x18 ./Libraries/Newlib/syscalls.o
 .debug_ranges  0x00000910       0x20 ./Dave/Generated/GLOBAL_CCU4/global_ccu4.o
 .debug_ranges  0x00000930       0x18 ./Dave/Generated/GLOBAL_CAN/global_can.o
 .debug_ranges  0x00000948       0x20 ./Dave/Generated/GLOBAL_ADC/global_adc.o
 .debug_ranges  0x00000968       0x18 ./Dave/Generated/DIGITAL_IO/digital_io.o
 .debug_ranges  0x00000980       0x28 ./Dave/Generated/CLOCK_XMC4/clock_xmc4.o
 .debug_ranges  0x000009a8       0x18 ./Dave/Generated/CLOCK_XMC4/clock_xmc4_conf.o
 .debug_ranges  0x000009c0       0xd8 ./Dave/Generated/CAPTURE/capture.o
 .debug_ranges  0x00000a98      0x108 ./Dave/Generated/CAN_NODE/can_node.o
 .debug_ranges  0x00000ba0       0x78 ./Dave/Generated/ADC_MEASUREMENT/adc_measurement.o
 .debug_ranges  0x00000c18       0x10 ./Dave/Generated/DAVE.o
 .debug_ranges  0x00000c28       0x30 ./main.o

.debug_weaknames
 *(.debug_weaknames)

.debug_funcnames
 *(.debug_funcnames)

.debug_typenames
 *(.debug_typenames)

.debug_varnames
 *(.debug_varnames)

.build_attributes
                0x00000000      0x5ed
 *(.ARM.attributes)
 .ARM.attributes
                0x00000000       0x25 ./Startup/startup_XMC4800.o
 .ARM.attributes
                0x00000025       0x37 ./Startup/system_XMC4800.o
 .ARM.attributes
                0x0000005c       0x37 ./Libraries/XMCLib/src/xmc4_gpio.o
 .ARM.attributes
                0x00000093       0x37 ./Libraries/XMCLib/src/xmc4_scu.o
 .ARM.attributes
                0x000000ca       0x37 ./Libraries/XMCLib/src/xmc_can.o
 .ARM.attributes
                0x00000101       0x37 ./Libraries/XMCLib/src/xmc_ccu4.o
 .ARM.attributes
                0x00000138       0x37 ./Libraries/XMCLib/src/xmc_gpio.o
 .ARM.attributes
                0x0000016f       0x37 ./Libraries/XMCLib/src/xmc_vadc.o
 .ARM.attributes
                0x000001a6       0x37 ./Libraries/Newlib/syscalls.o
 .ARM.attributes
                0x000001dd       0x37 ./Dave/Generated/GLOBAL_CCU4/global_ccu4.o
 .ARM.attributes
                0x00000214       0x37 ./Dave/Generated/GLOBAL_CCU4/global_ccu4_conf.o
 .ARM.attributes
                0x0000024b       0x37 ./Dave/Generated/GLOBAL_CAN/global_can.o
 .ARM.attributes
                0x00000282       0x37 ./Dave/Generated/GLOBAL_CAN/global_can_conf.o
 .ARM.attributes
                0x000002b9       0x37 ./Dave/Generated/GLOBAL_ADC/global_adc.o
 .ARM.attributes
                0x000002f0       0x37 ./Dave/Generated/GLOBAL_ADC/global_adc_conf.o
 .ARM.attributes
                0x00000327       0x37 ./Dave/Generated/DIGITAL_IO/digital_io.o
 .ARM.attributes
                0x0000035e       0x37 ./Dave/Generated/DIGITAL_IO/digital_io_conf.o
 .ARM.attributes
                0x00000395       0x37 ./Dave/Generated/CLOCK_XMC4/clock_xmc4.o
 .ARM.attributes
                0x000003cc       0x37 ./Dave/Generated/CLOCK_XMC4/clock_xmc4_conf.o
 .ARM.attributes
                0x00000403       0x37 ./Dave/Generated/CAPTURE/capture.o
 .ARM.attributes
                0x0000043a       0x37 ./Dave/Generated/CAPTURE/capture_conf.o
 .ARM.attributes
                0x00000471       0x37 ./Dave/Generated/CAN_NODE/can_node.o
 .ARM.attributes
                0x000004a8       0x37 ./Dave/Generated/CAN_NODE/can_node_conf.o
 .ARM.attributes
                0x000004df       0x37 ./Dave/Generated/ADC_MEASUREMENT/adc_measurement.o
 .ARM.attributes
                0x00000516       0x37 ./Dave/Generated/ADC_MEASUREMENT/adc_measurement_conf.o
 .ARM.attributes
                0x0000054d       0x37 ./Dave/Generated/DAVE.o
 .ARM.attributes
                0x00000584       0x37 ./main.o
 .ARM.attributes
                0x000005bb       0x32 c:/infineon/tools/dave ide/4.5.0.202105191637/eclipse/arm-gcc-49/bin/../lib/gcc/arm-none-eabi/4.9.3/../../../../arm-none-eabi/lib/armv7e-m/softfp\libg_nano.a(lib_a-init.o)
OUTPUT(can_demo.elf elf32-littlearm)
